
Discarded input sections

 .group         0x00000000        0xc build/startup/startup.o
 .group         0x00000000        0xc build/startup/startup.o
 .text          0x00000000        0x0 build/startup/startup.o
 .data          0x00000000        0x0 build/startup/startup.o
 .bss           0x00000000        0x0 build/startup/startup.o
 .group         0x00000000        0xc build/src/main.o
 .group         0x00000000        0xc build/src/main.o
 .text          0x00000000        0x0 build/src/main.o
 .data          0x00000000        0x0 build/src/main.o
 .bss           0x00000000        0x0 build/src/main.o
 .debug_macro   0x00000000      0xaba build/src/main.o
 .debug_macro   0x00000000      0x34e build/src/main.o
 .group         0x00000000        0xc build/src/watchdog.o
 .group         0x00000000        0xc build/src/watchdog.o
 .group         0x00000000        0xc build/src/watchdog.o
 .group         0x00000000        0xc build/src/watchdog.o
 .group         0x00000000        0xc build/src/watchdog.o
 .group         0x00000000        0xc build/src/watchdog.o
 .group         0x00000000        0xc build/src/watchdog.o
 .group         0x00000000        0xc build/src/watchdog.o
 .group         0x00000000        0xc build/src/watchdog.o
 .group         0x00000000        0xc build/src/watchdog.o
 .text          0x00000000        0x0 build/src/watchdog.o
 .data          0x00000000        0x0 build/src/watchdog.o
 .bss           0x00000000        0x0 build/src/watchdog.o
 .text.watchdog_kick
                0x00000000        0x2 build/src/watchdog.o
 .debug_macro   0x00000000      0xaba build/src/watchdog.o
 .debug_macro   0x00000000      0x34e build/src/watchdog.o
 .group         0x00000000        0xc build/src/event.o
 .group         0x00000000        0xc build/src/event.o
 .text          0x00000000        0x0 build/src/event.o
 .data          0x00000000        0x0 build/src/event.o
 .bss           0x00000000        0x0 build/src/event.o
 .debug_macro   0x00000000      0xaba build/src/event.o
 .debug_macro   0x00000000      0x34e build/src/event.o
 .group         0x00000000        0xc build/drivers/timer.o
 .group         0x00000000        0xc build/drivers/timer.o
 .group         0x00000000        0xc build/drivers/timer.o
 .group         0x00000000        0xc build/drivers/timer.o
 .group         0x00000000        0xc build/drivers/timer.o
 .group         0x00000000        0xc build/drivers/timer.o
 .group         0x00000000        0xc build/drivers/timer.o
 .group         0x00000000        0xc build/drivers/timer.o
 .group         0x00000000        0xc build/drivers/timer.o
 .group         0x00000000        0xc build/drivers/timer.o
 .text          0x00000000        0x0 build/drivers/timer.o
 .data          0x00000000        0x0 build/drivers/timer.o
 .bss           0x00000000        0x0 build/drivers/timer.o
 .debug_macro   0x00000000      0xaba build/drivers/timer.o
 .debug_macro   0x00000000       0x3b build/drivers/timer.o
 .debug_macro   0x00000000      0x34e build/drivers/timer.o
 .debug_macro   0x00000000       0x1c build/drivers/timer.o
 .debug_macro   0x00000000       0x22 build/drivers/timer.o
 .debug_macro   0x00000000      0x107 build/drivers/timer.o
 .debug_macro   0x00000000     0x1359 build/drivers/timer.o
 .debug_macro   0x00000000      0x11f build/drivers/timer.o
 .debug_macro   0x00000000       0x22 build/drivers/timer.o
 .debug_macro   0x00000000    0x216c1 build/drivers/timer.o
 .group         0x00000000        0xc build/drivers/gpio.o
 .group         0x00000000        0xc build/drivers/gpio.o
 .group         0x00000000        0xc build/drivers/gpio.o
 .group         0x00000000        0xc build/drivers/gpio.o
 .group         0x00000000        0xc build/drivers/gpio.o
 .group         0x00000000        0xc build/drivers/gpio.o
 .group         0x00000000        0xc build/drivers/gpio.o
 .group         0x00000000        0xc build/drivers/gpio.o
 .group         0x00000000        0xc build/drivers/gpio.o
 .group         0x00000000        0xc build/drivers/gpio.o
 .text          0x00000000        0x0 build/drivers/gpio.o
 .data          0x00000000        0x0 build/drivers/gpio.o
 .bss           0x00000000        0x0 build/drivers/gpio.o
 .debug_macro   0x00000000      0xaba build/drivers/gpio.o
 .debug_macro   0x00000000       0x3b build/drivers/gpio.o
 .debug_macro   0x00000000      0x34e build/drivers/gpio.o
 .debug_macro   0x00000000       0x1c build/drivers/gpio.o
 .debug_macro   0x00000000       0x22 build/drivers/gpio.o
 .debug_macro   0x00000000      0x107 build/drivers/gpio.o
 .debug_macro   0x00000000     0x1359 build/drivers/gpio.o
 .debug_macro   0x00000000      0x11f build/drivers/gpio.o
 .debug_macro   0x00000000       0x22 build/drivers/gpio.o
 .debug_macro   0x00000000    0x216c1 build/drivers/gpio.o

Memory Configuration

Name             Origin             Length             Attributes
FLASH            0x08000000         0x00100000         xr
RAM              0x20000000         0x00020000         xrw
*default*        0x00000000         0xffffffff

Linker script and memory map

LOAD build/startup/startup.o
LOAD build/src/main.o
LOAD build/src/watchdog.o
LOAD build/src/event.o
LOAD build/drivers/timer.o
LOAD build/drivers/gpio.o
                0x20020000                        _estack = (ORIGIN (RAM) + LENGTH (RAM))

.isr_vector     0x08000000       0xb8
 *(.isr_vector)
 .isr_vector    0x08000000       0xb8 build/startup/startup.o
                0x08000000                vector_table

.text           0x080000b8      0x274
 *(.text*)
 .text.Default_Handler
                0x080000b8        0x2 build/startup/startup.o
                0x080000b8                EXTI2_IRQHandler
                0x080000b8                DebugMon_Handler
                0x080000b8                TIM1_CC_IRQHandler
                0x080000b8                HardFault_Handler
                0x080000b8                DMA1_Stream5_IRQHandler
                0x080000b8                SysTick_Handler
                0x080000b8                TAMP_STAMP_IRQHandler
                0x080000b8                PendSV_Handler
                0x080000b8                NMI_Handler
                0x080000b8                EXTI3_IRQHandler
                0x080000b8                EXTI0_IRQHandler
                0x080000b8                DMA1_Stream2_IRQHandler
                0x080000b8                FDCAN1_IT1_IRQHandler
                0x080000b8                UsageFault_Handler
                0x080000b8                DMA1_Stream6_IRQHandler
                0x080000b8                DMA1_Stream1_IRQHandler
                0x080000b8                RCC_IRQHandler
                0x080000b8                TIM1_TRG_COM_IRQHandler
                0x080000b8                Default_Handler
                0x080000b8                ADC_IRQHandler
                0x080000b8                PVD_AVD_IRQHandler
                0x080000b8                EXTI9_5_IRQHandler
                0x080000b8                RTC_WKUP_IRQHandler
                0x080000b8                MemManage_Handler
                0x080000b8                DMA1_Stream0_IRQHandler
                0x080000b8                SVC_Handler
                0x080000b8                EXTI4_IRQHandler
                0x080000b8                FDCAN2_IT1_IRQHandler
                0x080000b8                TIM1_UP_IRQHandler
                0x080000b8                WWDG_IRQHandler
                0x080000b8                FDCAN2_IT0_IRQHandler
                0x080000b8                FDCAN1_IT0_IRQHandler
                0x080000b8                TIM1_BRK_IRQHandler
                0x080000b8                EXTI1_IRQHandler
                0x080000b8                FLASH_IRQHandler
                0x080000b8                BusFault_Handler
                0x080000b8                DMA1_Stream4_IRQHandler
                0x080000b8                DMA1_Stream3_IRQHandler
 *fill*         0x080000ba        0x2 
 .text.Reset_Handler
                0x080000bc       0x40 build/startup/startup.o
                0x080000bc                Reset_Handler
 .text.main     0x080000fc       0x18 build/src/main.o
                0x080000fc                main
 .text.watchdog_init
                0x08000114        0x8 build/src/watchdog.o
                0x08000114                watchdog_init
 .text.event_init
                0x0800011c        0xc build/src/event.o
                0x0800011c                event_init
 .text.event_trigger
                0x08000128        0xc build/src/event.o
                0x08000128                event_trigger
 .text.event_timer_init
                0x08000134       0x4c build/drivers/timer.o
                0x08000134                event_timer_init
 .text.start_event_timer
                0x08000180       0x10 build/drivers/timer.o
                0x08000180                start_event_timer
 .text.TIM3_IRQHandler
                0x08000190       0x2c build/drivers/timer.o
                0x08000190                TIM3_IRQHandler
 .text.watchdog_timer_init
                0x080001bc       0x60 build/drivers/timer.o
                0x080001bc                watchdog_timer_init
 .text.TIM2_IRQHandler
                0x0800021c       0x22 build/drivers/timer.o
                0x0800021c                TIM2_IRQHandler
 *fill*         0x0800023e        0x2 
 .text.watchdog_led_init
                0x08000240       0x4c build/drivers/gpio.o
                0x08000240                watchdog_led_init
 .text.watchdog_led_on
                0x0800028c        0xc build/drivers/gpio.o
                0x0800028c                watchdog_led_on
 .text.watchdog_led_off
                0x08000298       0x10 build/drivers/gpio.o
                0x08000298                watchdog_led_off
 .text.watchdog_led_toggle
                0x080002a8       0x1c build/drivers/gpio.o
                0x080002a8                watchdog_led_toggle
 .text.event_gpio_init
                0x080002c4       0x4c build/drivers/gpio.o
                0x080002c4                event_gpio_init
 .text.event_gpio_high
                0x08000310        0xc build/drivers/gpio.o
                0x08000310                event_gpio_high
 .text.event_gpio_low
                0x0800031c       0x10 build/drivers/gpio.o
                0x0800031c                event_gpio_low
 *(.rodata*)

.glue_7         0x0800032c        0x0
 .glue_7        0x0800032c        0x0 linker stubs

.glue_7t        0x0800032c        0x0
 .glue_7t       0x0800032c        0x0 linker stubs

.vfp11_veneer   0x0800032c        0x0
 .vfp11_veneer  0x0800032c        0x0 linker stubs

.v4_bx          0x0800032c        0x0
 .v4_bx         0x0800032c        0x0 linker stubs

.iplt           0x0800032c        0x0
 .iplt          0x0800032c        0x0 build/startup/startup.o

.rel.dyn        0x0800032c        0x0
 .rel.iplt      0x0800032c        0x0 build/startup/startup.o

.data           0x20000000        0x0 load address 0x0800032c
                0x20000000                        _sdata = .
 *(.data*)
                0x20000000                        _edata = .
                0x0800032c                        _sidata = LOADADDR (.data)

.igot.plt       0x20000000        0x0 load address 0x0800032c
 .igot.plt      0x20000000        0x0 build/startup/startup.o

.bss            0x20000000        0x0 load address 0x0800032c
                0x20000000                        _sbss = .
 *(.bss*)
 *(COMMON)
                0x20000000                        _ebss = .
OUTPUT(build/vision_event.elf elf32-littlearm)
LOAD linker stubs

.debug_info     0x00000000     0x1535
 .debug_info    0x00000000      0x157 build/startup/startup.o
 .debug_info    0x00000157       0xdb build/src/main.o
 .debug_info    0x00000232       0xdf build/src/watchdog.o
 .debug_info    0x00000311       0xdb build/src/event.o
 .debug_info    0x000003ec      0xc12 build/drivers/timer.o
 .debug_info    0x00000ffe      0x537 build/drivers/gpio.o

.debug_abbrev   0x00000000      0x583
 .debug_abbrev  0x00000000       0xee build/startup/startup.o
 .debug_abbrev  0x000000ee       0xa4 build/src/main.o
 .debug_abbrev  0x00000192       0xaf build/src/watchdog.o
 .debug_abbrev  0x00000241       0x7d build/src/event.o
 .debug_abbrev  0x000002be      0x1cd build/drivers/timer.o
 .debug_abbrev  0x0000048b       0xf8 build/drivers/gpio.o

.debug_loclists
                0x00000000       0xe6
 .debug_loclists
                0x00000000       0x5d build/startup/startup.o
 .debug_loclists
                0x0000005d       0x29 build/src/watchdog.o
 .debug_loclists
                0x00000086       0x60 build/drivers/timer.o

.debug_aranges  0x00000000      0x128
 .debug_aranges
                0x00000000       0x28 build/startup/startup.o
 .debug_aranges
                0x00000028       0x20 build/src/main.o
 .debug_aranges
                0x00000048       0x28 build/src/watchdog.o
 .debug_aranges
                0x00000070       0x28 build/src/event.o
 .debug_aranges
                0x00000098       0x40 build/drivers/timer.o
 .debug_aranges
                0x000000d8       0x50 build/drivers/gpio.o

.debug_rnglists
                0x00000000       0xc0
 .debug_rnglists
                0x00000000       0x19 build/startup/startup.o
 .debug_rnglists
                0x00000019       0x13 build/src/main.o
 .debug_rnglists
                0x0000002c       0x19 build/src/watchdog.o
 .debug_rnglists
                0x00000045       0x19 build/src/event.o
 .debug_rnglists
                0x0000005e       0x2b build/drivers/timer.o
 .debug_rnglists
                0x00000089       0x37 build/drivers/gpio.o

.debug_macro    0x00000000    0x23d39
 .debug_macro   0x00000000       0x20 build/startup/startup.o
 .debug_macro   0x00000020      0xaba build/startup/startup.o
 .debug_macro   0x00000ada      0x34e build/startup/startup.o
 .debug_macro   0x00000e28       0x42 build/src/main.o
 .debug_macro   0x00000e6a       0x9e build/src/watchdog.o
 .debug_macro   0x00000f08       0x3b build/src/watchdog.o
 .debug_macro   0x00000f43       0x1c build/src/watchdog.o
 .debug_macro   0x00000f5f       0x22 build/src/watchdog.o
 .debug_macro   0x00000f81      0x107 build/src/watchdog.o
 .debug_macro   0x00001088     0x1359 build/src/watchdog.o
 .debug_macro   0x000023e1      0x11f build/src/watchdog.o
 .debug_macro   0x00002500       0x22 build/src/watchdog.o
 .debug_macro   0x00002522    0x216c1 build/src/watchdog.o
 .debug_macro   0x00023be3       0x38 build/src/event.o
 .debug_macro   0x00023c1b       0x94 build/drivers/timer.o
 .debug_macro   0x00023caf       0x8a build/drivers/gpio.o

.debug_line     0x00000000      0x94a
 .debug_line    0x00000000       0xc2 build/startup/startup.o
 .debug_line    0x000000c2       0xb0 build/src/main.o
 .debug_line    0x00000172      0x189 build/src/watchdog.o
 .debug_line    0x000002fb       0xba build/src/event.o
 .debug_line    0x000003b5      0x2fa build/drivers/timer.o
 .debug_line    0x000006af      0x29b build/drivers/gpio.o

.debug_str      0x00000000    0xcfc64
 .debug_str     0x00000000    0xcfc64 build/startup/startup.o
                               0x3940 (size before relaxing)
 .debug_str     0x000cfc64     0x38cc build/src/main.o
 .debug_str     0x000cfc64    0xcf246 build/src/watchdog.o
 .debug_str     0x000cfc64     0x38e8 build/src/event.o
 .debug_str     0x000cfc64    0xcfd6c build/drivers/timer.o
 .debug_str     0x000cfc64    0xcf4be build/drivers/gpio.o

.comment        0x00000000       0x26
 .comment       0x00000000       0x26 build/startup/startup.o
                                 0x27 (size before relaxing)
 .comment       0x00000026       0x27 build/src/main.o
 .comment       0x00000026       0x27 build/src/watchdog.o
 .comment       0x00000026       0x27 build/src/event.o
 .comment       0x00000026       0x27 build/drivers/timer.o
 .comment       0x00000026       0x27 build/drivers/gpio.o

.ARM.attributes
                0x00000000       0x2e
 .ARM.attributes
                0x00000000       0x2e build/startup/startup.o
 .ARM.attributes
                0x0000002e       0x2e build/src/main.o
 .ARM.attributes
                0x0000005c       0x2e build/src/watchdog.o
 .ARM.attributes
                0x0000008a       0x2e build/src/event.o
 .ARM.attributes
                0x000000b8       0x2e build/drivers/timer.o
 .ARM.attributes
                0x000000e6       0x2e build/drivers/gpio.o

.debug_frame    0x00000000      0x1d8
 .debug_frame   0x00000000       0x38 build/startup/startup.o
 .debug_frame   0x00000038       0x28 build/src/main.o
 .debug_frame   0x00000060       0x38 build/src/watchdog.o
 .debug_frame   0x00000098       0x40 build/src/event.o
 .debug_frame   0x000000d8       0x78 build/drivers/timer.o
 .debug_frame   0x00000150       0x88 build/drivers/gpio.o
